242
2290
1516
111
1890
938
214
2060
763
2754
2708
1954
52
553
988
8817
2561